// Jest Snapshot v1, https://goo.gl/fbAQLP

exports[`Header it renders correctly 1`] = `
ShallowWrapper {
  Symbol(enzyme.__root__): [Circular],
  Symbol(enzyme.__unrendered__): <Header />,
  Symbol(enzyme.__renderer__): Object {
    "batchedUpdates": [Function],
    "getNode": [Function],
    "render": [Function],
    "simulateError": [Function],
    "simulateEvent": [Function],
    "unmount": [Function],
  },
  Symbol(enzyme.__node__): Object {
    "instance": null,
    "key": undefined,
    "nodeType": "host",
    "props": Object {
      "children": Array [
        <object
          data="./brand_logo.svg"
          style={
            Object {
              "height": "10em",
              "left": "2%",
              "position": "absolute",
              "top": "2%",
              "zIndex": 1,
            }
          }
          type="image/svg+xml"
        >
          <img
            alt="No SVG support"
            src="./cake.jpg"
          />
        </object>,
        <section
          style={
            Object {
              "height": "40vh",
              "position": "relative",
              "width": "100vw",
            }
          }
        >
          <article
            style={
              Object {
                "background": "url(./cake.jpg) no-repeat",
                "backgroundPosition": "center",
                "backgroundSize": "cover",
                "filter": "blur(1px)",
                "height": "inherit",
              }
            }
          />
          <svg
            preserveAspectRatio="none"
            style={
              Object {
                "bottom": -3,
                "color": "var(--main-bg-color)",
                "height": "20%",
                "left": -100,
                "position": "absolute",
                "width": "calc(100vw + 101px)",
                "zIndex": 1,
              }
            }
            viewBox="0 0 100 100"
            xmlns="http://www.w3.org/2000/svg"
          >
            <polygon
              className="svg-header"
              points="0,100 100,0 100,100"
            />
          </svg>
        </section>,
      ],
    },
    "ref": null,
    "rendered": Array [
      Object {
        "instance": null,
        "key": undefined,
        "nodeType": "host",
        "props": Object {
          "children": <img
            alt="No SVG support"
            src="./cake.jpg"
          />,
          "data": "./brand_logo.svg",
          "style": Object {
            "height": "10em",
            "left": "2%",
            "position": "absolute",
            "top": "2%",
            "zIndex": 1,
          },
          "type": "image/svg+xml",
        },
        "ref": null,
        "rendered": Object {
          "instance": null,
          "key": undefined,
          "nodeType": "host",
          "props": Object {
            "alt": "No SVG support",
            "src": "./cake.jpg",
          },
          "ref": null,
          "rendered": null,
          "type": "img",
        },
        "type": "object",
      },
      Object {
        "instance": null,
        "key": undefined,
        "nodeType": "host",
        "props": Object {
          "children": Array [
            <article
              style={
                Object {
                  "background": "url(./cake.jpg) no-repeat",
                  "backgroundPosition": "center",
                  "backgroundSize": "cover",
                  "filter": "blur(1px)",
                  "height": "inherit",
                }
              }
            />,
            <svg
              preserveAspectRatio="none"
              style={
                Object {
                  "bottom": -3,
                  "color": "var(--main-bg-color)",
                  "height": "20%",
                  "left": -100,
                  "position": "absolute",
                  "width": "calc(100vw + 101px)",
                  "zIndex": 1,
                }
              }
              viewBox="0 0 100 100"
              xmlns="http://www.w3.org/2000/svg"
            >
              <polygon
                className="svg-header"
                points="0,100 100,0 100,100"
              />
            </svg>,
          ],
          "style": Object {
            "height": "40vh",
            "position": "relative",
            "width": "100vw",
          },
        },
        "ref": null,
        "rendered": Array [
          Object {
            "instance": null,
            "key": undefined,
            "nodeType": "host",
            "props": Object {
              "style": Object {
                "background": "url(./cake.jpg) no-repeat",
                "backgroundPosition": "center",
                "backgroundSize": "cover",
                "filter": "blur(1px)",
                "height": "inherit",
              },
            },
            "ref": null,
            "rendered": null,
            "type": "article",
          },
          Object {
            "instance": null,
            "key": undefined,
            "nodeType": "host",
            "props": Object {
              "children": <polygon
                className="svg-header"
                points="0,100 100,0 100,100"
              />,
              "preserveAspectRatio": "none",
              "style": Object {
                "bottom": -3,
                "color": "var(--main-bg-color)",
                "height": "20%",
                "left": -100,
                "position": "absolute",
                "width": "calc(100vw + 101px)",
                "zIndex": 1,
              },
              "viewBox": "0 0 100 100",
              "xmlns": "http://www.w3.org/2000/svg",
            },
            "ref": null,
            "rendered": Object {
              "instance": null,
              "key": undefined,
              "nodeType": "host",
              "props": Object {
                "className": "svg-header",
                "points": "0,100 100,0 100,100",
              },
              "ref": null,
              "rendered": null,
              "type": "polygon",
            },
            "type": "svg",
          },
        ],
        "type": "section",
      },
    ],
    "type": "header",
  },
  Symbol(enzyme.__nodes__): Array [
    Object {
      "instance": null,
      "key": undefined,
      "nodeType": "host",
      "props": Object {
        "children": Array [
          <object
            data="./brand_logo.svg"
            style={
              Object {
                "height": "10em",
                "left": "2%",
                "position": "absolute",
                "top": "2%",
                "zIndex": 1,
              }
            }
            type="image/svg+xml"
          >
            <img
              alt="No SVG support"
              src="./cake.jpg"
            />
          </object>,
          <section
            style={
              Object {
                "height": "40vh",
                "position": "relative",
                "width": "100vw",
              }
            }
          >
            <article
              style={
                Object {
                  "background": "url(./cake.jpg) no-repeat",
                  "backgroundPosition": "center",
                  "backgroundSize": "cover",
                  "filter": "blur(1px)",
                  "height": "inherit",
                }
              }
            />
            <svg
              preserveAspectRatio="none"
              style={
                Object {
                  "bottom": -3,
                  "color": "var(--main-bg-color)",
                  "height": "20%",
                  "left": -100,
                  "position": "absolute",
                  "width": "calc(100vw + 101px)",
                  "zIndex": 1,
                }
              }
              viewBox="0 0 100 100"
              xmlns="http://www.w3.org/2000/svg"
            >
              <polygon
                className="svg-header"
                points="0,100 100,0 100,100"
              />
            </svg>
          </section>,
        ],
      },
      "ref": null,
      "rendered": Array [
        Object {
          "instance": null,
          "key": undefined,
          "nodeType": "host",
          "props": Object {
            "children": <img
              alt="No SVG support"
              src="./cake.jpg"
            />,
            "data": "./brand_logo.svg",
            "style": Object {
              "height": "10em",
              "left": "2%",
              "position": "absolute",
              "top": "2%",
              "zIndex": 1,
            },
            "type": "image/svg+xml",
          },
          "ref": null,
          "rendered": Object {
            "instance": null,
            "key": undefined,
            "nodeType": "host",
            "props": Object {
              "alt": "No SVG support",
              "src": "./cake.jpg",
            },
            "ref": null,
            "rendered": null,
            "type": "img",
          },
          "type": "object",
        },
        Object {
          "instance": null,
          "key": undefined,
          "nodeType": "host",
          "props": Object {
            "children": Array [
              <article
                style={
                  Object {
                    "background": "url(./cake.jpg) no-repeat",
                    "backgroundPosition": "center",
                    "backgroundSize": "cover",
                    "filter": "blur(1px)",
                    "height": "inherit",
                  }
                }
              />,
              <svg
                preserveAspectRatio="none"
                style={
                  Object {
                    "bottom": -3,
                    "color": "var(--main-bg-color)",
                    "height": "20%",
                    "left": -100,
                    "position": "absolute",
                    "width": "calc(100vw + 101px)",
                    "zIndex": 1,
                  }
                }
                viewBox="0 0 100 100"
                xmlns="http://www.w3.org/2000/svg"
              >
                <polygon
                  className="svg-header"
                  points="0,100 100,0 100,100"
                />
              </svg>,
            ],
            "style": Object {
              "height": "40vh",
              "position": "relative",
              "width": "100vw",
            },
          },
          "ref": null,
          "rendered": Array [
            Object {
              "instance": null,
              "key": undefined,
              "nodeType": "host",
              "props": Object {
                "style": Object {
                  "background": "url(./cake.jpg) no-repeat",
                  "backgroundPosition": "center",
                  "backgroundSize": "cover",
                  "filter": "blur(1px)",
                  "height": "inherit",
                },
              },
              "ref": null,
              "rendered": null,
              "type": "article",
            },
            Object {
              "instance": null,
              "key": undefined,
              "nodeType": "host",
              "props": Object {
                "children": <polygon
                  className="svg-header"
                  points="0,100 100,0 100,100"
                />,
                "preserveAspectRatio": "none",
                "style": Object {
                  "bottom": -3,
                  "color": "var(--main-bg-color)",
                  "height": "20%",
                  "left": -100,
                  "position": "absolute",
                  "width": "calc(100vw + 101px)",
                  "zIndex": 1,
                },
                "viewBox": "0 0 100 100",
                "xmlns": "http://www.w3.org/2000/svg",
              },
              "ref": null,
              "rendered": Object {
                "instance": null,
                "key": undefined,
                "nodeType": "host",
                "props": Object {
                  "className": "svg-header",
                  "points": "0,100 100,0 100,100",
                },
                "ref": null,
                "rendered": null,
                "type": "polygon",
              },
              "type": "svg",
            },
          ],
          "type": "section",
        },
      ],
      "type": "header",
    },
  ],
  Symbol(enzyme.__options__): Object {
    "adapter": ReactSixteenAdapter {
      "options": Object {
        "enableComponentDidUpdateOnSetState": true,
        "lifecycles": Object {
          "componentDidUpdate": Object {
            "onSetState": true,
          },
          "getDerivedStateFromProps": true,
          "getSnapshotBeforeUpdate": true,
          "setState": Object {
            "skipsComponentDidUpdateOnNullish": true,
          },
        },
      },
    },
    "attachTo": undefined,
    "hydrateIn": undefined,
  },
}
`;
